scripts/01_system_preparation.sh	translate
scripts/02_install_docker.sh	translate
scripts/03_generate_secrets.sh	translate
scripts/04_wizard.sh	translate
scripts/05_configure_services.sh	translate
scripts/06_run_services.sh	translate
scripts/07_final_report.sh	translate
scripts/08_fix_permissions.sh	translate
scripts/install.sh	translate
scripts/utils.sh	translate
scripts/git.sh	translate
scripts/databases.sh	translate
scripts/apply_update.sh	translate
scripts/docker_cleanup.sh	translate
scripts/update.sh	translate
scripts/restart.sh	review
scripts/setup_custom_tls.sh	review
scripts/doctor.sh	review
scripts/import_workflows.sh	review
scripts/download_top_workflows.sh	review
scripts/generate_n8n_workers.sh	review
scripts/generate_welcome_page.sh	review
docker-compose.yml	merge
docker-compose.ollama-gpu-devices.yml	merge
docker-compose.invokeai-gpu-devices.yml	merge
Caddyfile	merge
README.md	merge
.env.example	merge
CHANGELOG.md	copy
VERSION	copy
Makefile	copy
cloudflare-instructions.md	copy
LICENSE	copy
.gitignore	copy
grafana/	copy
prometheus/	copy
searxng/	copy
n8n/	copy
caddy-addon/	copy
paddlex/	copy
python-runner/	copy
welcome/	copy
start_services.py	review
